LTspice 24.1.10 for Windows
Circuit: C:\Users\franc\Desktop\Checkpoint2-Rev1(CR_Compensacion_IT1).net
Start Time: Fri Sep 18 21:00:52 2026
solver = Normal
Maximum thread count: 16
tnom = 27
temp = 27
method = trap
Direct Newton iteration failed to find .op point.  (Use ".option noopiter" to skip.)
Starting Gmin stepping
Gmin = 10
Gmin = 1.07374
Gmin = 0.115292
Gmin = 0.0123794
Gmin = 0.00132923
Gmin = 0.000142725
Gmin = 1.5325e-05
Gmin = 1.6455e-06
vernier = 0.5
vernier = 0.25
vernier = 0.125
vernier = 0.0625
Gmin = 6.73999e-07
vernier = 0.03125
vernier = 0.015625
vernier = 0.0078125
vernier = 0.0104167
Gmin = 6.63992e-07
vernier = 0.0138889
Gmin = 6.43595e-07
vernier = 0.0185185
vernier = 0.0246913
Gmin = 6.10783e-07
vernier = 0.0329218
vernier = 0.0438957
Gmin = 5.61957e-07
vernier = 0.0585276
Gmin = 4.93051e-07
vernier = 0.0780367
vernier = 0.0390184
vernier = 0.0195092
vernier = 0.00975459
vernier = 0.0048773
vernier = 0.00243865
Gmin = 4.56381e-07
vernier = 0.00121932
vernier = 0.000609662
vernier = 0.000457246
Gmin = 0
Gmin stepping failed

Starting source stepping with srcstepmethod=0
Source Step = 3.0303%
Source Step = 21.5909%
Source Step = 23.4848%
Source Step = 25.3788%
Source Step = 27.2727%
Source Step = 29.1667%
vernier = 0.09375
Source Step = 31.1553%
Source Step = 33.9962%
Source Step = 36.8371%
Source Step = 39.678%
Source Step = 42.5189%
Source Step = 45.3598%
vernier = 0.140625
Source Step = 49.6212%
Source Step = 53.8826%
Source Step = 58.1439%
Source Step = 62.4053%
Source Step = 66.6667%
vernier = 0.210938
Source Step = 72.8456%
Source Step = 79.2377%
Source Step = 85.6297%
Source Step = 92.0218%
Source Step = 98.4138%
vernier = 0.316406
Source stepping succeeded in finding the operating point.

Total elapsed time: 0.708 seconds.

Files loaded:
C:\Users\franc\Desktop\Checkpoint2-Rev1(CR_Compensacion_IT1).net
C:\Users\franc\AppData\Local\LTspice\lib\cmp\standard.bjt
C:\Users\franc\AppData\Local\LTspice\lib\sub\LM358.MOD
C:\Users\franc\AppData\Local\LTspice\lib\sub\TL431.sub

